--------------------------------------------------------------------------------
Release 14.7 Trace  (nt64)
Copyright (c) 1995-2013 Xilinx, Inc.  All rights reserved.

C:\Xilinx1\14.7\ISE_DS\ISE\bin\nt64\unwrapped\trce.exe -intstyle ise -v 3 -s 3
-n 3 -fastpaths -xml ALU.twx ALU.ncd -o ALU.twr ALU.pcf

Design file:              ALU.ncd
Physical constraint file: ALU.pcf
Device,package,speed:     xc6slx25t,csg324,C,-3 (PRODUCTION 1.23 2013-10-13)
Report level:             verbose report

Environment Variable      Effect 
--------------------      ------ 
NONE                      No environment variables were set
--------------------------------------------------------------------------------

INFO:Timing:2698 - No timing constraints found, doing default enumeration.
INFO:Timing:3412 - To improve timing, see the Timing Closure User Guide (UG612).
INFO:Timing:2752 - To get complete path coverage, use the unconstrained paths 
   option. All paths that are not constrained will be reported in the 
   unconstrained paths section(s) of the report.
INFO:Timing:3339 - The clock-to-out numbers in this timing report are based on 
   a 50 Ohm transmission line loading model.  For the details of this model, 
   and for more information on accounting for different loading conditions, 
   please see the device datasheet.



Data Sheet report:
-----------------
All values displayed in nanoseconds (ns)

Pad to Pad
---------------+---------------+---------+
Source Pad     |Destination Pad|  Delay  |
---------------+---------------+---------+
A<0>           |Cout           |   22.564|
A<0>           |F_active       |   24.923|
A<0>           |N              |   13.929|
A<0>           |V              |    9.612|
A<0>           |X<0>           |   21.938|
A<0>           |X<1>           |   21.031|
A<0>           |X<2>           |   21.800|
A<0>           |X<3>           |   21.255|
A<0>           |X<4>           |   21.384|
A<0>           |X<5>           |   21.900|
A<0>           |X<6>           |   21.427|
A<0>           |X<7>           |   21.441|
A<0>           |X_bin_pal      |   23.188|
A<0>           |X_prime        |   22.906|
A<0>           |Y<0>           |   20.952|
A<0>           |Y<1>           |   21.106|
A<0>           |Y<2>           |   20.706|
A<0>           |Y<3>           |   20.985|
A<0>           |Y<4>           |   21.042|
A<0>           |Y<5>           |   21.231|
A<0>           |Y<6>           |   20.478|
A<0>           |Y<7>           |   21.179|
A<0>           |Z              |   24.213|
A<1>           |Cout           |   20.770|
A<1>           |F_active       |   23.129|
A<1>           |N              |   14.148|
A<1>           |V              |    9.835|
A<1>           |X<0>           |   20.144|
A<1>           |X<1>           |   19.237|
A<1>           |X<2>           |   20.006|
A<1>           |X<3>           |   19.461|
A<1>           |X<4>           |   19.590|
A<1>           |X<5>           |   20.106|
A<1>           |X<6>           |   19.633|
A<1>           |X<7>           |   19.647|
A<1>           |X_bin_pal      |   21.394|
A<1>           |X_prime        |   21.112|
A<1>           |Y<0>           |   19.158|
A<1>           |Y<1>           |   19.312|
A<1>           |Y<2>           |   18.912|
A<1>           |Y<3>           |   19.191|
A<1>           |Y<4>           |   19.248|
A<1>           |Y<5>           |   19.437|
A<1>           |Y<6>           |   18.684|
A<1>           |Y<7>           |   19.385|
A<1>           |Z              |   22.419|
A<2>           |Cout           |   21.734|
A<2>           |F_active       |   24.093|
A<2>           |N              |   14.562|
A<2>           |V              |    9.441|
A<2>           |X<0>           |   21.108|
A<2>           |X<1>           |   20.201|
A<2>           |X<2>           |   20.970|
A<2>           |X<3>           |   20.425|
A<2>           |X<4>           |   20.554|
A<2>           |X<5>           |   21.070|
A<2>           |X<6>           |   20.597|
A<2>           |X<7>           |   20.611|
A<2>           |X_bin_pal      |   22.358|
A<2>           |X_prime        |   22.076|
A<2>           |Y<0>           |   20.122|
A<2>           |Y<1>           |   20.276|
A<2>           |Y<2>           |   19.876|
A<2>           |Y<3>           |   20.155|
A<2>           |Y<4>           |   20.212|
A<2>           |Y<5>           |   20.401|
A<2>           |Y<6>           |   19.648|
A<2>           |Y<7>           |   20.349|
A<2>           |Z              |   23.383|
A<3>           |Cout           |   22.186|
A<3>           |F_active       |   24.545|
A<3>           |N              |   14.071|
A<3>           |V              |    9.204|
A<3>           |X<0>           |   21.560|
A<3>           |X<1>           |   20.653|
A<3>           |X<2>           |   21.422|
A<3>           |X<3>           |   20.877|
A<3>           |X<4>           |   21.006|
A<3>           |X<5>           |   21.522|
A<3>           |X<6>           |   21.049|
A<3>           |X<7>           |   21.063|
A<3>           |X_bin_pal      |   22.810|
A<3>           |X_prime        |   22.528|
A<3>           |Y<0>           |   20.574|
A<3>           |Y<1>           |   20.728|
A<3>           |Y<2>           |   20.328|
A<3>           |Y<3>           |   20.607|
A<3>           |Y<4>           |   20.664|
A<3>           |Y<5>           |   20.853|
A<3>           |Y<6>           |   20.100|
A<3>           |Y<7>           |   20.801|
A<3>           |Z              |   23.835|
A<4>           |Cout           |   23.433|
A<4>           |F_active       |   25.792|
A<4>           |N              |   14.434|
A<4>           |V              |    9.646|
A<4>           |X<0>           |   22.807|
A<4>           |X<1>           |   21.900|
A<4>           |X<2>           |   22.669|
A<4>           |X<3>           |   22.124|
A<4>           |X<4>           |   22.253|
A<4>           |X<5>           |   22.769|
A<4>           |X<6>           |   22.296|
A<4>           |X<7>           |   22.310|
A<4>           |X_bin_pal      |   24.057|
A<4>           |X_prime        |   23.775|
A<4>           |Y<0>           |   21.821|
A<4>           |Y<1>           |   21.975|
A<4>           |Y<2>           |   21.575|
A<4>           |Y<3>           |   21.854|
A<4>           |Y<4>           |   21.911|
A<4>           |Y<5>           |   22.100|
A<4>           |Y<6>           |   21.347|
A<4>           |Y<7>           |   22.048|
A<4>           |Z              |   25.082|
A<5>           |Cout           |   22.371|
A<5>           |F_active       |   24.730|
A<5>           |N              |   14.168|
A<5>           |V              |    9.736|
A<5>           |X<0>           |   21.745|
A<5>           |X<1>           |   20.838|
A<5>           |X<2>           |   21.607|
A<5>           |X<3>           |   21.062|
A<5>           |X<4>           |   21.191|
A<5>           |X<5>           |   21.707|
A<5>           |X<6>           |   21.234|
A<5>           |X<7>           |   21.248|
A<5>           |X_bin_pal      |   22.995|
A<5>           |X_prime        |   22.713|
A<5>           |Y<0>           |   20.759|
A<5>           |Y<1>           |   20.913|
A<5>           |Y<2>           |   20.513|
A<5>           |Y<3>           |   20.792|
A<5>           |Y<4>           |   20.849|
A<5>           |Y<5>           |   21.038|
A<5>           |Y<6>           |   20.285|
A<5>           |Y<7>           |   20.986|
A<5>           |Z              |   24.020|
A<6>           |Cout           |   22.475|
A<6>           |F_active       |   24.834|
A<6>           |N              |   14.029|
A<6>           |V              |    9.129|
A<6>           |X<0>           |   21.849|
A<6>           |X<1>           |   20.942|
A<6>           |X<2>           |   21.711|
A<6>           |X<3>           |   21.166|
A<6>           |X<4>           |   21.295|
A<6>           |X<5>           |   21.811|
A<6>           |X<6>           |   21.338|
A<6>           |X<7>           |   21.352|
A<6>           |X_bin_pal      |   23.099|
A<6>           |X_prime        |   22.817|
A<6>           |Y<0>           |   20.863|
A<6>           |Y<1>           |   21.017|
A<6>           |Y<2>           |   20.617|
A<6>           |Y<3>           |   20.896|
A<6>           |Y<4>           |   20.953|
A<6>           |Y<5>           |   21.142|
A<6>           |Y<6>           |   20.389|
A<6>           |Y<7>           |   21.090|
A<6>           |Z              |   24.124|
A<7>           |Cout           |   22.704|
A<7>           |F_active       |   25.063|
A<7>           |N              |   13.169|
A<7>           |V              |    9.071|
A<7>           |X<0>           |   22.078|
A<7>           |X<1>           |   21.171|
A<7>           |X<2>           |   21.940|
A<7>           |X<3>           |   21.395|
A<7>           |X<4>           |   21.524|
A<7>           |X<5>           |   22.040|
A<7>           |X<6>           |   21.567|
A<7>           |X<7>           |   21.581|
A<7>           |X_bin_pal      |   23.328|
A<7>           |X_prime        |   23.046|
A<7>           |Y<0>           |   21.092|
A<7>           |Y<1>           |   21.246|
A<7>           |Y<2>           |   20.846|
A<7>           |Y<3>           |   21.125|
A<7>           |Y<4>           |   21.182|
A<7>           |Y<5>           |   21.371|
A<7>           |Y<6>           |   20.618|
A<7>           |Y<7>           |   21.319|
A<7>           |Z              |   24.353|
B<0>           |Cout           |   19.274|
B<0>           |F_active       |   21.633|
B<0>           |N              |   14.078|
B<0>           |V              |    8.643|
B<0>           |X<0>           |   18.648|
B<0>           |X<1>           |   17.741|
B<0>           |X<2>           |   18.510|
B<0>           |X<3>           |   17.965|
B<0>           |X<4>           |   18.094|
B<0>           |X<5>           |   18.610|
B<0>           |X<6>           |   18.137|
B<0>           |X<7>           |   18.151|
B<0>           |X_bin_pal      |   19.898|
B<0>           |X_prime        |   21.664|
B<0>           |Y<0>           |   17.662|
B<0>           |Y<1>           |   17.816|
B<0>           |Y<2>           |   17.416|
B<0>           |Y<3>           |   17.695|
B<0>           |Y<4>           |   17.752|
B<0>           |Y<5>           |   17.941|
B<0>           |Y<6>           |   17.188|
B<0>           |Y<7>           |   17.889|
B<0>           |Z              |   20.923|
B<1>           |Cout           |   20.171|
B<1>           |F_active       |   22.530|
B<1>           |N              |   14.060|
B<1>           |V              |    8.696|
B<1>           |X<0>           |   19.545|
B<1>           |X<1>           |   18.638|
B<1>           |X<2>           |   19.407|
B<1>           |X<3>           |   18.862|
B<1>           |X<4>           |   18.991|
B<1>           |X<5>           |   19.507|
B<1>           |X<6>           |   19.034|
B<1>           |X<7>           |   19.048|
B<1>           |X_bin_pal      |   20.795|
B<1>           |X_prime        |   22.587|
B<1>           |Y<0>           |   18.559|
B<1>           |Y<1>           |   18.713|
B<1>           |Y<2>           |   18.313|
B<1>           |Y<3>           |   18.592|
B<1>           |Y<4>           |   18.649|
B<1>           |Y<5>           |   18.838|
B<1>           |Y<6>           |   18.085|
B<1>           |Y<7>           |   18.786|
B<1>           |Z              |   21.820|
B<2>           |Cout           |   20.168|
B<2>           |F_active       |   22.527|
B<2>           |N              |   14.004|
B<2>           |V              |    8.456|
B<2>           |X<0>           |   19.542|
B<2>           |X<1>           |   18.635|
B<2>           |X<2>           |   19.404|
B<2>           |X<3>           |   18.859|
B<2>           |X<4>           |   18.988|
B<2>           |X<5>           |   19.504|
B<2>           |X<6>           |   19.031|
B<2>           |X<7>           |   19.045|
B<2>           |X_bin_pal      |   20.792|
B<2>           |X_prime        |   23.827|
B<2>           |Y<0>           |   18.556|
B<2>           |Y<1>           |   18.710|
B<2>           |Y<2>           |   18.310|
B<2>           |Y<3>           |   18.589|
B<2>           |Y<4>           |   18.646|
B<2>           |Y<5>           |   18.835|
B<2>           |Y<6>           |   18.082|
B<2>           |Y<7>           |   18.783|
B<2>           |Z              |   21.817|
B<3>           |Cout           |   20.496|
B<3>           |F_active       |   22.855|
B<3>           |N              |   10.928|
B<3>           |V              |    8.685|
B<3>           |X<0>           |   19.870|
B<3>           |X<1>           |   18.963|
B<3>           |X<2>           |   19.732|
B<3>           |X<3>           |   19.187|
B<3>           |X<4>           |   19.316|
B<3>           |X<5>           |   19.832|
B<3>           |X<6>           |   19.359|
B<3>           |X<7>           |   19.373|
B<3>           |X_bin_pal      |   21.120|
B<3>           |X_prime        |   24.597|
B<3>           |Y<0>           |   18.884|
B<3>           |Y<1>           |   19.038|
B<3>           |Y<2>           |   18.638|
B<3>           |Y<3>           |   18.917|
B<3>           |Y<4>           |   18.974|
B<3>           |Y<5>           |   19.163|
B<3>           |Y<6>           |   18.410|
B<3>           |Y<7>           |   19.111|
B<3>           |Z              |   22.145|
B<4>           |Cout           |   18.145|
B<4>           |F_active       |   20.504|
B<4>           |N              |   11.224|
B<4>           |V              |    8.615|
B<4>           |X<0>           |   18.774|
B<4>           |X<1>           |   18.130|
B<4>           |X<2>           |   18.099|
B<4>           |X<3>           |   17.873|
B<4>           |X<4>           |   18.592|
B<4>           |X<5>           |   17.697|
B<4>           |X<6>           |   18.729|
B<4>           |X<7>           |   17.073|
B<4>           |X_bin_pal      |   19.125|
B<4>           |X_prime        |   24.729|
B<4>           |Y<0>           |   16.533|
B<4>           |Y<1>           |   16.687|
B<4>           |Y<2>           |   16.287|
B<4>           |Y<3>           |   16.566|
B<4>           |Y<4>           |   16.623|
B<4>           |Y<5>           |   16.812|
B<4>           |Y<6>           |   16.059|
B<4>           |Y<7>           |   16.760|
B<4>           |Z              |   19.794|
B<5>           |Cout           |   17.680|
B<5>           |F_active       |   20.039|
B<5>           |N              |   10.822|
B<5>           |V              |    8.768|
B<5>           |X<0>           |   18.954|
B<5>           |X<1>           |   18.310|
B<5>           |X<2>           |   18.279|
B<5>           |X<3>           |   18.053|
B<5>           |X<4>           |   18.772|
B<5>           |X<5>           |   17.877|
B<5>           |X<6>           |   18.909|
B<5>           |X<7>           |   17.253|
B<5>           |X_bin_pal      |   19.305|
B<5>           |X_prime        |   24.909|
B<5>           |Y<0>           |   16.068|
B<5>           |Y<1>           |   16.222|
B<5>           |Y<2>           |   15.822|
B<5>           |Y<3>           |   16.101|
B<5>           |Y<4>           |   16.158|
B<5>           |Y<5>           |   16.347|
B<5>           |Y<6>           |   15.594|
B<5>           |Y<7>           |   16.295|
B<5>           |Z              |   19.740|
B<6>           |Cout           |   17.281|
B<6>           |F_active       |   19.640|
B<6>           |N              |   10.802|
B<6>           |V              |    8.313|
B<6>           |X<0>           |   18.416|
B<6>           |X<1>           |   17.772|
B<6>           |X<2>           |   17.741|
B<6>           |X<3>           |   17.515|
B<6>           |X<4>           |   18.234|
B<6>           |X<5>           |   17.339|
B<6>           |X<6>           |   18.371|
B<6>           |X<7>           |   16.715|
B<6>           |X_bin_pal      |   18.767|
B<6>           |X_prime        |   24.371|
B<6>           |Y<0>           |   15.669|
B<6>           |Y<1>           |   15.823|
B<6>           |Y<2>           |   15.423|
B<6>           |Y<3>           |   15.702|
B<6>           |Y<4>           |   15.759|
B<6>           |Y<5>           |   15.948|
B<6>           |Y<6>           |   15.195|
B<6>           |Y<7>           |   15.896|
B<6>           |Z              |   19.202|
B<7>           |Cout           |   17.799|
B<7>           |F_active       |   20.158|
B<7>           |N              |   10.606|
B<7>           |V              |    8.729|
B<7>           |X<0>           |   19.394|
B<7>           |X<1>           |   18.750|
B<7>           |X<2>           |   18.719|
B<7>           |X<3>           |   18.493|
B<7>           |X<4>           |   19.212|
B<7>           |X<5>           |   18.317|
B<7>           |X<6>           |   19.349|
B<7>           |X<7>           |   17.693|
B<7>           |X_bin_pal      |   19.745|
B<7>           |X_prime        |   25.349|
B<7>           |Y<0>           |   16.187|
B<7>           |Y<1>           |   16.341|
B<7>           |Y<2>           |   15.941|
B<7>           |Y<3>           |   16.220|
B<7>           |Y<4>           |   16.277|
B<7>           |Y<5>           |   16.466|
B<7>           |Y<6>           |   15.713|
B<7>           |Y<7>           |   16.414|
B<7>           |Z              |   20.180|
Cin            |Cout           |    9.454|
Cin            |F_active       |   12.049|
Cin            |X<0>           |   11.719|
Cin            |X<1>           |   11.036|
Cin            |X<2>           |   11.450|
Cin            |X<3>           |   11.168|
Cin            |X<4>           |   11.368|
Cin            |X<5>           |   10.661|
Cin            |X<6>           |   11.174|
Cin            |X<7>           |   10.039|
Cin            |X_bin_pal      |   11.772|
Cin            |X_prime        |   17.735|
Cin            |Z              |   12.306|
OPCODE<0>      |Cout           |    8.274|
OPCODE<0>      |F_active       |    8.805|
OPCODE<0>      |N              |    8.266|
OPCODE<0>      |V              |    8.865|
OPCODE<0>      |X<0>           |    7.817|
OPCODE<0>      |X<1>           |    7.857|
OPCODE<0>      |X<2>           |    7.985|
OPCODE<0>      |X<3>           |    8.065|
OPCODE<0>      |X<4>           |    7.890|
OPCODE<0>      |X<5>           |    8.282|
OPCODE<0>      |X<6>           |    7.878|
OPCODE<0>      |X<7>           |    7.874|
OPCODE<0>      |X_bin_pal      |    8.484|
OPCODE<0>      |X_prime        |    7.576|
OPCODE<0>      |Y<0>           |    8.225|
OPCODE<0>      |Y<1>           |    7.792|
OPCODE<0>      |Y<2>           |    8.198|
OPCODE<0>      |Y<3>           |    8.380|
OPCODE<0>      |Y<4>           |    8.581|
OPCODE<0>      |Y<5>           |    7.962|
OPCODE<0>      |Y<6>           |    8.113|
OPCODE<0>      |Y<7>           |    7.235|
OPCODE<0>      |Z              |    9.354|
OPCODE<1>      |Cout           |    8.930|
OPCODE<1>      |F_active       |    9.921|
OPCODE<1>      |N              |    8.503|
OPCODE<1>      |V              |    9.152|
OPCODE<1>      |X<0>           |    8.290|
OPCODE<1>      |X<1>           |    8.101|
OPCODE<1>      |X<2>           |    7.864|
OPCODE<1>      |X<3>           |    8.105|
OPCODE<1>      |X<4>           |    8.410|
OPCODE<1>      |X<5>           |    7.995|
OPCODE<1>      |X<6>           |    8.081|
OPCODE<1>      |X<7>           |    7.975|
OPCODE<1>      |X_bin_pal      |    8.421|
OPCODE<1>      |X_prime        |    7.634|
OPCODE<1>      |Y<0>           |    8.394|
OPCODE<1>      |Y<1>           |    7.961|
OPCODE<1>      |Y<2>           |    8.318|
OPCODE<1>      |Y<3>           |    8.500|
OPCODE<1>      |Y<4>           |    8.690|
OPCODE<1>      |Y<5>           |    8.071|
OPCODE<1>      |Y<6>           |    8.113|
OPCODE<1>      |Y<7>           |    7.177|
OPCODE<1>      |Z              |    9.440|
OPCODE<2>      |Cout           |    8.923|
OPCODE<2>      |F_active       |    8.152|
OPCODE<2>      |N              |    8.298|
OPCODE<2>      |V              |    9.131|
OPCODE<2>      |X<0>           |    7.637|
OPCODE<2>      |X<1>           |    7.453|
OPCODE<2>      |X<2>           |    7.428|
OPCODE<2>      |X<3>           |    7.643|
OPCODE<2>      |X<4>           |    7.853|
OPCODE<2>      |X<5>           |    7.562|
OPCODE<2>      |X<6>           |    7.708|
OPCODE<2>      |X<7>           |    7.332|
OPCODE<2>      |X_bin_pal      |    8.100|
OPCODE<2>      |X_prime        |    7.276|
OPCODE<2>      |Y<0>           |    7.258|
OPCODE<2>      |Y<1>           |    6.650|
OPCODE<2>      |Y<2>           |    6.800|
OPCODE<2>      |Y<3>           |    7.041|
OPCODE<2>      |Y<4>           |    6.839|
OPCODE<2>      |Y<5>           |    6.798|
OPCODE<2>      |Y<6>           |    7.374|
OPCODE<2>      |Y<7>           |    6.849|
OPCODE<2>      |Z              |    8.788|
OPCODE<3>      |Cout           |    8.423|
OPCODE<3>      |F_active       |    8.283|
OPCODE<3>      |N              |    9.752|
OPCODE<3>      |V              |    8.530|
OPCODE<3>      |X<0>           |    7.280|
OPCODE<3>      |X<1>           |    7.618|
OPCODE<3>      |X<2>           |    7.521|
OPCODE<3>      |X<3>           |    7.361|
OPCODE<3>      |X<4>           |    7.641|
OPCODE<3>      |X<5>           |    7.600|
OPCODE<3>      |X<6>           |    7.757|
OPCODE<3>      |X<7>           |    7.458|
OPCODE<3>      |X_bin_pal      |    7.651|
OPCODE<3>      |X_prime        |    6.782|
OPCODE<3>      |Y<0>           |    7.316|
OPCODE<3>      |Y<1>           |    6.869|
OPCODE<3>      |Y<2>           |    6.634|
OPCODE<3>      |Y<3>           |    6.536|
OPCODE<3>      |Y<4>           |    6.639|
OPCODE<3>      |Y<5>           |    6.613|
OPCODE<3>      |Y<6>           |    6.810|
OPCODE<3>      |Y<7>           |    6.788|
OPCODE<3>      |Z              |    8.911|
---------------+---------------+---------+


Analysis completed Sun Jul 18 23:55:14 2021 
--------------------------------------------------------------------------------

Trace Settings:
-------------------------
Trace Settings 

Peak Memory Usage: 4605 MB



