--------------------------------------------------------------------------------
Release 14.7 Trace  (nt64)
Copyright (c) 1995-2013 Xilinx, Inc.  All rights reserved.

C:\Xilinx1\14.7\ISE_DS\ISE\bin\nt64\unwrapped\trce.exe -intstyle ise -v 3 -s 3
-n 3 -fastpaths -xml ALU.twx ALU.ncd -o ALU.twr ALU.pcf

Design file:              ALU.ncd
Physical constraint file: ALU.pcf
Device,package,speed:     xc6slx25t,csg324,C,-3 (PRODUCTION 1.23 2013-10-13)
Report level:             verbose report

Environment Variable      Effect 
--------------------      ------ 
NONE                      No environment variables were set
--------------------------------------------------------------------------------

INFO:Timing:2698 - No timing constraints found, doing default enumeration.
INFO:Timing:3412 - To improve timing, see the Timing Closure User Guide (UG612).
INFO:Timing:2752 - To get complete path coverage, use the unconstrained paths 
   option. All paths that are not constrained will be reported in the 
   unconstrained paths section(s) of the report.
INFO:Timing:3339 - The clock-to-out numbers in this timing report are based on 
   a 50 Ohm transmission line loading model.  For the details of this model, 
   and for more information on accounting for different loading conditions, 
   please see the device datasheet.



Data Sheet report:
-----------------
All values displayed in nanoseconds (ns)

Pad to Pad
---------------+---------------+---------+
Source Pad     |Destination Pad|  Delay  |
---------------+---------------+---------+
A<0>           |Cout           |   17.797|
A<0>           |F_active       |   20.235|
A<0>           |N              |   12.176|
A<0>           |V              |    9.473|
A<0>           |X<0>           |   18.015|
A<0>           |X<1>           |   18.053|
A<0>           |X<2>           |   18.421|
A<0>           |X<3>           |   18.730|
A<0>           |X<4>           |   18.550|
A<0>           |X<5>           |   18.836|
A<0>           |X<6>           |   18.909|
A<0>           |X<7>           |   18.174|
A<0>           |X_bin_pal      |   18.559|
A<0>           |X_prime        |   20.181|
A<0>           |Y<0>           |   17.958|
A<0>           |Y<1>           |   18.154|
A<0>           |Y<2>           |   17.958|
A<0>           |Y<3>           |   18.029|
A<0>           |Y<4>           |   17.880|
A<0>           |Y<5>           |   17.594|
A<0>           |Y<6>           |   17.520|
A<0>           |Y<7>           |   17.747|
A<0>           |Z              |   18.769|
A<1>           |Cout           |   17.636|
A<1>           |F_active       |   20.074|
A<1>           |N              |   12.570|
A<1>           |V              |    9.194|
A<1>           |X<0>           |   17.854|
A<1>           |X<1>           |   17.892|
A<1>           |X<2>           |   18.260|
A<1>           |X<3>           |   18.569|
A<1>           |X<4>           |   18.389|
A<1>           |X<5>           |   18.675|
A<1>           |X<6>           |   18.748|
A<1>           |X<7>           |   18.013|
A<1>           |X_bin_pal      |   18.398|
A<1>           |X_prime        |   20.020|
A<1>           |Y<0>           |   17.797|
A<1>           |Y<1>           |   17.993|
A<1>           |Y<2>           |   17.797|
A<1>           |Y<3>           |   17.868|
A<1>           |Y<4>           |   17.719|
A<1>           |Y<5>           |   17.433|
A<1>           |Y<6>           |   17.359|
A<1>           |Y<7>           |   17.586|
A<1>           |Z              |   18.608|
A<2>           |Cout           |   19.291|
A<2>           |F_active       |   21.729|
A<2>           |N              |   13.063|
A<2>           |V              |    9.109|
A<2>           |X<0>           |   19.509|
A<2>           |X<1>           |   19.547|
A<2>           |X<2>           |   19.915|
A<2>           |X<3>           |   20.224|
A<2>           |X<4>           |   20.044|
A<2>           |X<5>           |   20.330|
A<2>           |X<6>           |   20.403|
A<2>           |X<7>           |   19.668|
A<2>           |X_bin_pal      |   20.053|
A<2>           |X_prime        |   21.675|
A<2>           |Y<0>           |   19.452|
A<2>           |Y<1>           |   19.648|
A<2>           |Y<2>           |   19.452|
A<2>           |Y<3>           |   19.523|
A<2>           |Y<4>           |   19.374|
A<2>           |Y<5>           |   19.088|
A<2>           |Y<6>           |   19.014|
A<2>           |Y<7>           |   19.241|
A<2>           |Z              |   20.263|
A<3>           |Cout           |   18.547|
A<3>           |F_active       |   20.985|
A<3>           |N              |   12.459|
A<3>           |V              |    8.623|
A<3>           |X<0>           |   18.765|
A<3>           |X<1>           |   18.803|
A<3>           |X<2>           |   19.171|
A<3>           |X<3>           |   19.480|
A<3>           |X<4>           |   19.300|
A<3>           |X<5>           |   19.586|
A<3>           |X<6>           |   19.659|
A<3>           |X<7>           |   18.924|
A<3>           |X_bin_pal      |   19.309|
A<3>           |X_prime        |   20.931|
A<3>           |Y<0>           |   18.708|
A<3>           |Y<1>           |   18.904|
A<3>           |Y<2>           |   18.708|
A<3>           |Y<3>           |   18.779|
A<3>           |Y<4>           |   18.630|
A<3>           |Y<5>           |   18.344|
A<3>           |Y<6>           |   18.270|
A<3>           |Y<7>           |   18.497|
A<3>           |Z              |   19.519|
A<4>           |Cout           |   19.488|
A<4>           |F_active       |   21.926|
A<4>           |N              |   13.473|
A<4>           |V              |   10.148|
A<4>           |X<0>           |   19.706|
A<4>           |X<1>           |   19.744|
A<4>           |X<2>           |   20.112|
A<4>           |X<3>           |   20.421|
A<4>           |X<4>           |   20.241|
A<4>           |X<5>           |   20.527|
A<4>           |X<6>           |   20.600|
A<4>           |X<7>           |   19.865|
A<4>           |X_bin_pal      |   20.250|
A<4>           |X_prime        |   21.872|
A<4>           |Y<0>           |   19.649|
A<4>           |Y<1>           |   19.845|
A<4>           |Y<2>           |   19.649|
A<4>           |Y<3>           |   19.720|
A<4>           |Y<4>           |   19.571|
A<4>           |Y<5>           |   19.285|
A<4>           |Y<6>           |   19.211|
A<4>           |Y<7>           |   19.438|
A<4>           |Z              |   20.460|
A<5>           |Cout           |   19.204|
A<5>           |F_active       |   21.642|
A<5>           |N              |   12.803|
A<5>           |V              |    9.134|
A<5>           |X<0>           |   19.422|
A<5>           |X<1>           |   19.460|
A<5>           |X<2>           |   19.828|
A<5>           |X<3>           |   20.137|
A<5>           |X<4>           |   19.957|
A<5>           |X<5>           |   20.243|
A<5>           |X<6>           |   20.316|
A<5>           |X<7>           |   19.581|
A<5>           |X_bin_pal      |   19.966|
A<5>           |X_prime        |   21.588|
A<5>           |Y<0>           |   19.365|
A<5>           |Y<1>           |   19.561|
A<5>           |Y<2>           |   19.365|
A<5>           |Y<3>           |   19.436|
A<5>           |Y<4>           |   19.287|
A<5>           |Y<5>           |   19.001|
A<5>           |Y<6>           |   18.927|
A<5>           |Y<7>           |   19.154|
A<5>           |Z              |   20.176|
A<6>           |Cout           |   18.827|
A<6>           |F_active       |   21.265|
A<6>           |N              |   13.966|
A<6>           |V              |   10.134|
A<6>           |X<0>           |   19.045|
A<6>           |X<1>           |   19.083|
A<6>           |X<2>           |   19.451|
A<6>           |X<3>           |   19.760|
A<6>           |X<4>           |   19.580|
A<6>           |X<5>           |   19.866|
A<6>           |X<6>           |   19.939|
A<6>           |X<7>           |   19.204|
A<6>           |X_bin_pal      |   19.589|
A<6>           |X_prime        |   21.211|
A<6>           |Y<0>           |   18.988|
A<6>           |Y<1>           |   19.184|
A<6>           |Y<2>           |   18.988|
A<6>           |Y<3>           |   19.059|
A<6>           |Y<4>           |   18.910|
A<6>           |Y<5>           |   18.624|
A<6>           |Y<6>           |   18.550|
A<6>           |Y<7>           |   18.777|
A<6>           |Z              |   19.799|
A<7>           |Cout           |   20.260|
A<7>           |F_active       |   22.698|
A<7>           |N              |   13.975|
A<7>           |V              |    9.853|
A<7>           |X<0>           |   20.478|
A<7>           |X<1>           |   20.516|
A<7>           |X<2>           |   20.884|
A<7>           |X<3>           |   21.193|
A<7>           |X<4>           |   21.013|
A<7>           |X<5>           |   21.299|
A<7>           |X<6>           |   21.372|
A<7>           |X<7>           |   20.637|
A<7>           |X_bin_pal      |   21.022|
A<7>           |X_prime        |   22.644|
A<7>           |Y<0>           |   20.421|
A<7>           |Y<1>           |   20.617|
A<7>           |Y<2>           |   20.421|
A<7>           |Y<3>           |   20.492|
A<7>           |Y<4>           |   20.343|
A<7>           |Y<5>           |   20.057|
A<7>           |Y<6>           |   19.983|
A<7>           |Y<7>           |   20.210|
A<7>           |Z              |   21.232|
B<0>           |Cout           |   16.736|
B<0>           |F_active       |   19.174|
B<0>           |N              |   12.193|
B<0>           |V              |    9.839|
B<0>           |X<0>           |   16.954|
B<0>           |X<1>           |   16.992|
B<0>           |X<2>           |   17.360|
B<0>           |X<3>           |   17.669|
B<0>           |X<4>           |   17.489|
B<0>           |X<5>           |   17.775|
B<0>           |X<6>           |   17.848|
B<0>           |X<7>           |   17.113|
B<0>           |X_bin_pal      |   17.498|
B<0>           |X_prime        |   19.120|
B<0>           |Y<0>           |   16.897|
B<0>           |Y<1>           |   17.093|
B<0>           |Y<2>           |   16.897|
B<0>           |Y<3>           |   16.968|
B<0>           |Y<4>           |   16.819|
B<0>           |Y<5>           |   16.533|
B<0>           |Y<6>           |   16.459|
B<0>           |Y<7>           |   16.686|
B<0>           |Z              |   17.708|
B<1>           |Cout           |   16.721|
B<1>           |F_active       |   19.159|
B<1>           |N              |   12.437|
B<1>           |V              |    9.342|
B<1>           |X<0>           |   16.939|
B<1>           |X<1>           |   16.977|
B<1>           |X<2>           |   17.345|
B<1>           |X<3>           |   17.654|
B<1>           |X<4>           |   17.474|
B<1>           |X<5>           |   17.760|
B<1>           |X<6>           |   17.833|
B<1>           |X<7>           |   17.098|
B<1>           |X_bin_pal      |   17.483|
B<1>           |X_prime        |   19.105|
B<1>           |Y<0>           |   16.882|
B<1>           |Y<1>           |   17.078|
B<1>           |Y<2>           |   16.882|
B<1>           |Y<3>           |   16.953|
B<1>           |Y<4>           |   16.804|
B<1>           |Y<5>           |   16.518|
B<1>           |Y<6>           |   16.444|
B<1>           |Y<7>           |   16.671|
B<1>           |Z              |   17.693|
B<2>           |Cout           |   18.045|
B<2>           |F_active       |   20.483|
B<2>           |N              |   13.054|
B<2>           |V              |   10.185|
B<2>           |X<0>           |   18.263|
B<2>           |X<1>           |   18.301|
B<2>           |X<2>           |   18.669|
B<2>           |X<3>           |   18.978|
B<2>           |X<4>           |   18.798|
B<2>           |X<5>           |   19.084|
B<2>           |X<6>           |   19.157|
B<2>           |X<7>           |   18.422|
B<2>           |X_bin_pal      |   18.807|
B<2>           |X_prime        |   20.429|
B<2>           |Y<0>           |   18.206|
B<2>           |Y<1>           |   18.402|
B<2>           |Y<2>           |   18.206|
B<2>           |Y<3>           |   18.277|
B<2>           |Y<4>           |   18.128|
B<2>           |Y<5>           |   17.842|
B<2>           |Y<6>           |   17.768|
B<2>           |Y<7>           |   17.995|
B<2>           |Z              |   19.017|
B<3>           |Cout           |   17.137|
B<3>           |F_active       |   19.575|
B<3>           |N              |   12.450|
B<3>           |V              |   10.078|
B<3>           |X<0>           |   17.355|
B<3>           |X<1>           |   17.393|
B<3>           |X<2>           |   17.761|
B<3>           |X<3>           |   18.070|
B<3>           |X<4>           |   17.890|
B<3>           |X<5>           |   18.176|
B<3>           |X<6>           |   18.249|
B<3>           |X<7>           |   17.514|
B<3>           |X_bin_pal      |   17.899|
B<3>           |X_prime        |   19.521|
B<3>           |Y<0>           |   17.298|
B<3>           |Y<1>           |   17.494|
B<3>           |Y<2>           |   17.298|
B<3>           |Y<3>           |   17.369|
B<3>           |Y<4>           |   17.220|
B<3>           |Y<5>           |   16.934|
B<3>           |Y<6>           |   16.860|
B<3>           |Y<7>           |   17.087|
B<3>           |Z              |   18.109|
B<4>           |Cout           |   15.595|
B<4>           |F_active       |   18.033|
B<4>           |N              |   13.127|
B<4>           |V              |   10.030|
B<4>           |X<0>           |   15.813|
B<4>           |X<1>           |   15.851|
B<4>           |X<2>           |   16.219|
B<4>           |X<3>           |   16.528|
B<4>           |X<4>           |   16.348|
B<4>           |X<5>           |   16.634|
B<4>           |X<6>           |   16.707|
B<4>           |X<7>           |   15.972|
B<4>           |X_bin_pal      |   16.357|
B<4>           |X_prime        |   17.979|
B<4>           |Y<0>           |   15.756|
B<4>           |Y<1>           |   15.952|
B<4>           |Y<2>           |   15.756|
B<4>           |Y<3>           |   15.827|
B<4>           |Y<4>           |   15.678|
B<4>           |Y<5>           |   15.392|
B<4>           |Y<6>           |   15.318|
B<4>           |Y<7>           |   15.545|
B<4>           |Z              |   16.567|
B<5>           |Cout           |   15.432|
B<5>           |F_active       |   17.870|
B<5>           |N              |   13.649|
B<5>           |V              |   10.751|
B<5>           |X<0>           |   15.650|
B<5>           |X<1>           |   15.688|
B<5>           |X<2>           |   16.056|
B<5>           |X<3>           |   16.365|
B<5>           |X<4>           |   16.185|
B<5>           |X<5>           |   16.471|
B<5>           |X<6>           |   16.544|
B<5>           |X<7>           |   15.809|
B<5>           |X_bin_pal      |   16.194|
B<5>           |X_prime        |   17.816|
B<5>           |Y<0>           |   15.593|
B<5>           |Y<1>           |   15.789|
B<5>           |Y<2>           |   15.593|
B<5>           |Y<3>           |   15.664|
B<5>           |Y<4>           |   15.515|
B<5>           |Y<5>           |   15.229|
B<5>           |Y<6>           |   15.155|
B<5>           |Y<7>           |   15.382|
B<5>           |Z              |   16.404|
B<6>           |Cout           |   15.518|
B<6>           |F_active       |   18.315|
B<6>           |N              |   14.546|
B<6>           |V              |   10.961|
B<6>           |X<0>           |   15.736|
B<6>           |X<1>           |   15.774|
B<6>           |X<2>           |   16.142|
B<6>           |X<3>           |   16.451|
B<6>           |X<4>           |   16.271|
B<6>           |X<5>           |   16.557|
B<6>           |X<6>           |   16.630|
B<6>           |X<7>           |   15.895|
B<6>           |X_bin_pal      |   16.464|
B<6>           |X_prime        |   17.902|
B<6>           |Y<0>           |   15.679|
B<6>           |Y<1>           |   15.875|
B<6>           |Y<2>           |   15.900|
B<6>           |Y<3>           |   15.750|
B<6>           |Y<4>           |   15.601|
B<6>           |Y<5>           |   15.970|
B<6>           |Y<6>           |   15.752|
B<6>           |Y<7>           |   15.468|
B<6>           |Z              |   16.699|
B<7>           |Cout           |   14.773|
B<7>           |F_active       |   17.779|
B<7>           |N              |   14.182|
B<7>           |V              |   10.493|
B<7>           |X<0>           |   14.991|
B<7>           |X<1>           |   15.135|
B<7>           |X<2>           |   15.397|
B<7>           |X<3>           |   15.706|
B<7>           |X<4>           |   15.526|
B<7>           |X<5>           |   15.812|
B<7>           |X<6>           |   15.885|
B<7>           |X<7>           |   15.150|
B<7>           |X_bin_pal      |   15.958|
B<7>           |X_prime        |   17.252|
B<7>           |Y<0>           |   15.065|
B<7>           |Y<1>           |   15.228|
B<7>           |Y<2>           |   15.364|
B<7>           |Y<3>           |   15.207|
B<7>           |Y<4>           |   15.022|
B<7>           |Y<5>           |   15.434|
B<7>           |Y<6>           |   15.216|
B<7>           |Y<7>           |   14.723|
B<7>           |Z              |   16.163|
Cin            |Cout           |    9.499|
Cin            |F_active       |   12.384|
Cin            |X<0>           |   10.147|
Cin            |X<1>           |    9.698|
Cin            |X<2>           |   10.582|
Cin            |X<3>           |   10.735|
Cin            |X<4>           |   10.393|
Cin            |X<5>           |   10.513|
Cin            |X<6>           |   10.626|
Cin            |X<7>           |   11.536|
Cin            |X_bin_pal      |   11.079|
Cin            |X_prime        |   11.548|
Cin            |Z              |   10.578|
OPCODE<0>      |Cout           |    7.507|
OPCODE<0>      |F_active       |   10.577|
OPCODE<0>      |N              |    7.980|
OPCODE<0>      |V              |    8.100|
OPCODE<0>      |X<0>           |    9.072|
OPCODE<0>      |X<1>           |    8.976|
OPCODE<0>      |X<2>           |    9.186|
OPCODE<0>      |X<3>           |    8.612|
OPCODE<0>      |X<4>           |    8.132|
OPCODE<0>      |X<5>           |    8.387|
OPCODE<0>      |X<6>           |    8.641|
OPCODE<0>      |X<7>           |    8.936|
OPCODE<0>      |X_bin_pal      |    8.707|
OPCODE<0>      |X_prime        |    9.176|
OPCODE<0>      |Y<0>           |    9.483|
OPCODE<0>      |Y<1>           |    9.306|
OPCODE<0>      |Y<2>           |    9.570|
OPCODE<0>      |Y<3>           |    9.323|
OPCODE<0>      |Y<4>           |    9.209|
OPCODE<0>      |Y<5>           |    9.508|
OPCODE<0>      |Y<6>           |    8.942|
OPCODE<0>      |Y<7>           |    8.865|
OPCODE<0>      |Z              |    8.946|
OPCODE<1>      |Cout           |    7.166|
OPCODE<1>      |F_active       |   10.185|
OPCODE<1>      |N              |    8.709|
OPCODE<1>      |V              |    8.033|
OPCODE<1>      |X<0>           |    9.264|
OPCODE<1>      |X<1>           |    8.794|
OPCODE<1>      |X<2>           |    9.410|
OPCODE<1>      |X<3>           |    8.544|
OPCODE<1>      |X<4>           |    8.801|
OPCODE<1>      |X<5>           |    8.839|
OPCODE<1>      |X<6>           |    8.420|
OPCODE<1>      |X<7>           |    8.612|
OPCODE<1>      |X_bin_pal      |    8.743|
OPCODE<1>      |X_prime        |   10.261|
OPCODE<1>      |Y<0>           |    9.582|
OPCODE<1>      |Y<1>           |    9.405|
OPCODE<1>      |Y<2>           |    9.452|
OPCODE<1>      |Y<3>           |    9.301|
OPCODE<1>      |Y<4>           |    9.154|
OPCODE<1>      |Y<5>           |    9.424|
OPCODE<1>      |Y<6>           |    8.995|
OPCODE<1>      |Y<7>           |    8.918|
OPCODE<1>      |Z              |    8.819|
OPCODE<2>      |Cout           |    7.170|
OPCODE<2>      |F_active       |    9.537|
OPCODE<2>      |N              |    7.863|
OPCODE<2>      |V              |    7.632|
OPCODE<2>      |X<0>           |    7.583|
OPCODE<2>      |X<1>           |    7.476|
OPCODE<2>      |X<2>           |    7.872|
OPCODE<2>      |X<3>           |    7.272|
OPCODE<2>      |X<4>           |    6.589|
OPCODE<2>      |X<5>           |    7.564|
OPCODE<2>      |X<6>           |    7.341|
OPCODE<2>      |X<7>           |    7.413|
OPCODE<2>      |X_bin_pal      |    8.452|
OPCODE<2>      |X_prime        |    8.420|
OPCODE<2>      |Y<0>           |    7.730|
OPCODE<2>      |Y<1>           |    8.128|
OPCODE<2>      |Y<2>           |    8.137|
OPCODE<2>      |Y<3>           |    8.011|
OPCODE<2>      |Y<4>           |    8.025|
OPCODE<2>      |Y<5>           |    8.462|
OPCODE<2>      |Y<6>           |    7.511|
OPCODE<2>      |Y<7>           |    8.061|
OPCODE<2>      |Z              |    8.429|
OPCODE<3>      |Cout           |    7.355|
OPCODE<3>      |F_active       |    9.497|
OPCODE<3>      |N              |    8.278|
OPCODE<3>      |V              |    7.732|
OPCODE<3>      |X<0>           |    8.376|
OPCODE<3>      |X<1>           |    7.890|
OPCODE<3>      |X<2>           |    7.410|
OPCODE<3>      |X<3>           |    7.014|
OPCODE<3>      |X<4>           |    6.676|
OPCODE<3>      |X<5>           |    7.145|
OPCODE<3>      |X<6>           |    7.730|
OPCODE<3>      |X<7>           |    7.795|
OPCODE<3>      |X_bin_pal      |    8.029|
OPCODE<3>      |X_prime        |    8.972|
OPCODE<3>      |Y<0>           |    8.082|
OPCODE<3>      |Y<1>           |    8.290|
OPCODE<3>      |Y<2>           |    8.635|
OPCODE<3>      |Y<3>           |    8.498|
OPCODE<3>      |Y<4>           |    8.272|
OPCODE<3>      |Y<5>           |    8.669|
OPCODE<3>      |Y<6>           |    8.059|
OPCODE<3>      |Y<7>           |    8.104|
OPCODE<3>      |Z              |    8.643|
---------------+---------------+---------+


Analysis completed Fri Jul 16 13:03:24 2021 
--------------------------------------------------------------------------------

Trace Settings:
-------------------------
Trace Settings 

Peak Memory Usage: 4605 MB



