--------------------------------------------------------------------------------
Release 14.7 Trace  (nt64)
Copyright (c) 1995-2013 Xilinx, Inc.  All rights reserved.

C:\Xilinx1\14.7\ISE_DS\ISE\bin\nt64\unwrapped\trce.exe -intstyle ise -v 3 -s 3
-n 3 -fastpaths -xml ALU.twx ALU.ncd -o ALU.twr ALU.pcf

Design file:              ALU.ncd
Physical constraint file: ALU.pcf
Device,package,speed:     xc6slx25t,csg324,C,-3 (PRODUCTION 1.23 2013-10-13)
Report level:             verbose report

Environment Variable      Effect 
--------------------      ------ 
NONE                      No environment variables were set
--------------------------------------------------------------------------------

INFO:Timing:2698 - No timing constraints found, doing default enumeration.
INFO:Timing:3412 - To improve timing, see the Timing Closure User Guide (UG612).
INFO:Timing:2752 - To get complete path coverage, use the unconstrained paths 
   option. All paths that are not constrained will be reported in the 
   unconstrained paths section(s) of the report.
INFO:Timing:3339 - The clock-to-out numbers in this timing report are based on 
   a 50 Ohm transmission line loading model.  For the details of this model, 
   and for more information on accounting for different loading conditions, 
   please see the device datasheet.



Data Sheet report:
-----------------
All values displayed in nanoseconds (ns)

Pad to Pad
---------------+---------------+---------+
Source Pad     |Destination Pad|  Delay  |
---------------+---------------+---------+
A<0>           |Cout           |   19.268|
A<0>           |F_active       |   22.031|
A<0>           |N              |   10.316|
A<0>           |V              |   10.053|
A<0>           |X<0>           |   19.275|
A<0>           |X<1>           |   20.168|
A<0>           |X<2>           |   20.489|
A<0>           |X<3>           |   20.106|
A<0>           |X<4>           |   19.669|
A<0>           |X<5>           |   19.850|
A<0>           |X<6>           |   20.344|
A<0>           |X<7>           |   19.543|
A<0>           |X_bin_pal      |   22.221|
A<0>           |X_prime        |   21.143|
A<0>           |Y<0>           |   18.797|
A<0>           |Y<1>           |   19.048|
A<0>           |Y<2>           |   18.409|
A<0>           |Y<3>           |   18.943|
A<0>           |Y<4>           |   18.458|
A<0>           |Y<5>           |   18.595|
A<0>           |Y<6>           |   19.169|
A<0>           |Y<7>           |   18.631|
A<0>           |Z              |   21.701|
A<1>           |Cout           |   18.573|
A<1>           |F_active       |   21.336|
A<1>           |N              |    9.418|
A<1>           |V              |    9.155|
A<1>           |X<0>           |   18.580|
A<1>           |X<1>           |   19.473|
A<1>           |X<2>           |   19.794|
A<1>           |X<3>           |   19.411|
A<1>           |X<4>           |   18.974|
A<1>           |X<5>           |   19.155|
A<1>           |X<6>           |   19.649|
A<1>           |X<7>           |   18.848|
A<1>           |X_bin_pal      |   21.526|
A<1>           |X_prime        |   20.448|
A<1>           |Y<0>           |   18.102|
A<1>           |Y<1>           |   18.353|
A<1>           |Y<2>           |   17.714|
A<1>           |Y<3>           |   18.248|
A<1>           |Y<4>           |   17.763|
A<1>           |Y<5>           |   17.900|
A<1>           |Y<6>           |   18.474|
A<1>           |Y<7>           |   17.936|
A<1>           |Z              |   21.006|
A<2>           |Cout           |   18.573|
A<2>           |F_active       |   21.336|
A<2>           |N              |    8.916|
A<2>           |V              |    8.653|
A<2>           |X<0>           |   18.580|
A<2>           |X<1>           |   19.473|
A<2>           |X<2>           |   19.794|
A<2>           |X<3>           |   19.411|
A<2>           |X<4>           |   18.974|
A<2>           |X<5>           |   19.155|
A<2>           |X<6>           |   19.649|
A<2>           |X<7>           |   18.848|
A<2>           |X_bin_pal      |   21.526|
A<2>           |X_prime        |   20.448|
A<2>           |Y<0>           |   18.102|
A<2>           |Y<1>           |   18.353|
A<2>           |Y<2>           |   17.714|
A<2>           |Y<3>           |   18.248|
A<2>           |Y<4>           |   17.763|
A<2>           |Y<5>           |   17.900|
A<2>           |Y<6>           |   18.474|
A<2>           |Y<7>           |   17.936|
A<2>           |Z              |   21.006|
A<3>           |Cout           |   20.217|
A<3>           |F_active       |   22.980|
A<3>           |N              |    9.285|
A<3>           |V              |    9.022|
A<3>           |X<0>           |   20.224|
A<3>           |X<1>           |   21.117|
A<3>           |X<2>           |   21.438|
A<3>           |X<3>           |   21.055|
A<3>           |X<4>           |   20.618|
A<3>           |X<5>           |   20.799|
A<3>           |X<6>           |   21.293|
A<3>           |X<7>           |   20.492|
A<3>           |X_bin_pal      |   23.170|
A<3>           |X_prime        |   22.092|
A<3>           |Y<0>           |   19.746|
A<3>           |Y<1>           |   19.997|
A<3>           |Y<2>           |   19.358|
A<3>           |Y<3>           |   19.892|
A<3>           |Y<4>           |   19.407|
A<3>           |Y<5>           |   19.544|
A<3>           |Y<6>           |   20.118|
A<3>           |Y<7>           |   19.580|
A<3>           |Z              |   22.650|
A<4>           |Cout           |   21.039|
A<4>           |F_active       |   23.802|
A<4>           |N              |    9.454|
A<4>           |V              |    9.191|
A<4>           |X<0>           |   21.046|
A<4>           |X<1>           |   21.939|
A<4>           |X<2>           |   22.260|
A<4>           |X<3>           |   21.877|
A<4>           |X<4>           |   21.440|
A<4>           |X<5>           |   21.621|
A<4>           |X<6>           |   22.115|
A<4>           |X<7>           |   21.314|
A<4>           |X_bin_pal      |   23.992|
A<4>           |X_prime        |   22.914|
A<4>           |Y<0>           |   20.568|
A<4>           |Y<1>           |   20.819|
A<4>           |Y<2>           |   20.180|
A<4>           |Y<3>           |   20.714|
A<4>           |Y<4>           |   20.229|
A<4>           |Y<5>           |   20.366|
A<4>           |Y<6>           |   20.940|
A<4>           |Y<7>           |   20.402|
A<4>           |Z              |   23.472|
A<5>           |Cout           |   21.158|
A<5>           |F_active       |   23.921|
A<5>           |N              |    9.338|
A<5>           |V              |    9.075|
A<5>           |X<0>           |   21.165|
A<5>           |X<1>           |   22.058|
A<5>           |X<2>           |   22.379|
A<5>           |X<3>           |   21.996|
A<5>           |X<4>           |   21.559|
A<5>           |X<5>           |   21.740|
A<5>           |X<6>           |   22.234|
A<5>           |X<7>           |   21.433|
A<5>           |X_bin_pal      |   24.111|
A<5>           |X_prime        |   23.033|
A<5>           |Y<0>           |   20.687|
A<5>           |Y<1>           |   20.938|
A<5>           |Y<2>           |   20.299|
A<5>           |Y<3>           |   20.833|
A<5>           |Y<4>           |   20.348|
A<5>           |Y<5>           |   20.485|
A<5>           |Y<6>           |   21.059|
A<5>           |Y<7>           |   20.521|
A<5>           |Z              |   23.591|
A<6>           |Cout           |   21.217|
A<6>           |F_active       |   23.980|
A<6>           |N              |    8.881|
A<6>           |V              |    8.618|
A<6>           |X<0>           |   21.224|
A<6>           |X<1>           |   22.117|
A<6>           |X<2>           |   22.438|
A<6>           |X<3>           |   22.055|
A<6>           |X<4>           |   21.618|
A<6>           |X<5>           |   21.799|
A<6>           |X<6>           |   22.293|
A<6>           |X<7>           |   21.492|
A<6>           |X_bin_pal      |   24.170|
A<6>           |X_prime        |   23.092|
A<6>           |Y<0>           |   20.746|
A<6>           |Y<1>           |   20.997|
A<6>           |Y<2>           |   20.358|
A<6>           |Y<3>           |   20.892|
A<6>           |Y<4>           |   20.407|
A<6>           |Y<5>           |   20.544|
A<6>           |Y<6>           |   21.118|
A<6>           |Y<7>           |   20.580|
A<6>           |Z              |   23.650|
A<7>           |Cout           |   20.059|
A<7>           |F_active       |   22.822|
A<7>           |N              |    8.934|
A<7>           |V              |    8.671|
A<7>           |X<0>           |   20.066|
A<7>           |X<1>           |   20.959|
A<7>           |X<2>           |   21.280|
A<7>           |X<3>           |   20.897|
A<7>           |X<4>           |   20.460|
A<7>           |X<5>           |   20.641|
A<7>           |X<6>           |   21.135|
A<7>           |X<7>           |   20.334|
A<7>           |X_bin_pal      |   23.012|
A<7>           |X_prime        |   21.934|
A<7>           |Y<0>           |   19.588|
A<7>           |Y<1>           |   19.839|
A<7>           |Y<2>           |   19.200|
A<7>           |Y<3>           |   19.734|
A<7>           |Y<4>           |   19.249|
A<7>           |Y<5>           |   19.386|
A<7>           |Y<6>           |   19.960|
A<7>           |Y<7>           |   19.422|
A<7>           |Z              |   22.492|
B<0>           |Cout           |   20.245|
B<0>           |F_active       |   23.008|
B<0>           |N              |   10.899|
B<0>           |V              |   10.636|
B<0>           |X<0>           |   20.252|
B<0>           |X<1>           |   21.145|
B<0>           |X<2>           |   21.466|
B<0>           |X<3>           |   21.083|
B<0>           |X<4>           |   20.646|
B<0>           |X<5>           |   20.827|
B<0>           |X<6>           |   21.321|
B<0>           |X<7>           |   20.520|
B<0>           |X_bin_pal      |   23.198|
B<0>           |X_prime        |   22.120|
B<0>           |Y<0>           |   19.774|
B<0>           |Y<1>           |   20.025|
B<0>           |Y<2>           |   19.386|
B<0>           |Y<3>           |   19.920|
B<0>           |Y<4>           |   19.435|
B<0>           |Y<5>           |   19.572|
B<0>           |Y<6>           |   20.146|
B<0>           |Y<7>           |   19.608|
B<0>           |Z              |   22.678|
B<1>           |Cout           |   20.361|
B<1>           |F_active       |   23.124|
B<1>           |N              |   10.705|
B<1>           |V              |   10.442|
B<1>           |X<0>           |   20.368|
B<1>           |X<1>           |   21.261|
B<1>           |X<2>           |   21.582|
B<1>           |X<3>           |   21.199|
B<1>           |X<4>           |   20.762|
B<1>           |X<5>           |   20.943|
B<1>           |X<6>           |   21.437|
B<1>           |X<7>           |   20.636|
B<1>           |X_bin_pal      |   23.314|
B<1>           |X_prime        |   22.236|
B<1>           |Y<0>           |   19.890|
B<1>           |Y<1>           |   20.141|
B<1>           |Y<2>           |   19.502|
B<1>           |Y<3>           |   20.036|
B<1>           |Y<4>           |   19.551|
B<1>           |Y<5>           |   19.688|
B<1>           |Y<6>           |   20.262|
B<1>           |Y<7>           |   19.724|
B<1>           |Z              |   22.794|
B<2>           |Cout           |   19.505|
B<2>           |F_active       |   22.268|
B<2>           |N              |   10.379|
B<2>           |V              |   10.116|
B<2>           |X<0>           |   19.512|
B<2>           |X<1>           |   20.405|
B<2>           |X<2>           |   20.726|
B<2>           |X<3>           |   20.343|
B<2>           |X<4>           |   19.906|
B<2>           |X<5>           |   20.087|
B<2>           |X<6>           |   20.581|
B<2>           |X<7>           |   19.780|
B<2>           |X_bin_pal      |   22.458|
B<2>           |X_prime        |   21.380|
B<2>           |Y<0>           |   19.034|
B<2>           |Y<1>           |   19.285|
B<2>           |Y<2>           |   18.646|
B<2>           |Y<3>           |   19.180|
B<2>           |Y<4>           |   18.695|
B<2>           |Y<5>           |   18.832|
B<2>           |Y<6>           |   19.406|
B<2>           |Y<7>           |   18.868|
B<2>           |Z              |   21.938|
B<3>           |Cout           |   19.965|
B<3>           |F_active       |   22.728|
B<3>           |N              |   10.775|
B<3>           |V              |   10.512|
B<3>           |X<0>           |   19.972|
B<3>           |X<1>           |   20.865|
B<3>           |X<2>           |   21.186|
B<3>           |X<3>           |   20.803|
B<3>           |X<4>           |   20.366|
B<3>           |X<5>           |   20.547|
B<3>           |X<6>           |   21.041|
B<3>           |X<7>           |   20.240|
B<3>           |X_bin_pal      |   22.918|
B<3>           |X_prime        |   21.840|
B<3>           |Y<0>           |   19.494|
B<3>           |Y<1>           |   19.745|
B<3>           |Y<2>           |   19.106|
B<3>           |Y<3>           |   19.640|
B<3>           |Y<4>           |   19.155|
B<3>           |Y<5>           |   19.292|
B<3>           |Y<6>           |   19.866|
B<3>           |Y<7>           |   19.328|
B<3>           |Z              |   22.398|
B<4>           |Cout           |   17.730|
B<4>           |F_active       |   20.493|
B<4>           |N              |   10.459|
B<4>           |V              |   10.196|
B<4>           |X<0>           |   17.737|
B<4>           |X<1>           |   18.630|
B<4>           |X<2>           |   18.951|
B<4>           |X<3>           |   18.568|
B<4>           |X<4>           |   18.131|
B<4>           |X<5>           |   18.312|
B<4>           |X<6>           |   18.806|
B<4>           |X<7>           |   18.005|
B<4>           |X_bin_pal      |   20.683|
B<4>           |X_prime        |   19.605|
B<4>           |Y<0>           |   17.259|
B<4>           |Y<1>           |   17.510|
B<4>           |Y<2>           |   16.871|
B<4>           |Y<3>           |   17.405|
B<4>           |Y<4>           |   16.920|
B<4>           |Y<5>           |   17.057|
B<4>           |Y<6>           |   17.631|
B<4>           |Y<7>           |   17.093|
B<4>           |Z              |   20.163|
B<5>           |Cout           |   16.242|
B<5>           |F_active       |   19.005|
B<5>           |N              |    9.690|
B<5>           |V              |    9.427|
B<5>           |X<0>           |   16.249|
B<5>           |X<1>           |   17.142|
B<5>           |X<2>           |   17.463|
B<5>           |X<3>           |   17.080|
B<5>           |X<4>           |   16.643|
B<5>           |X<5>           |   16.824|
B<5>           |X<6>           |   17.318|
B<5>           |X<7>           |   16.517|
B<5>           |X_bin_pal      |   19.195|
B<5>           |X_prime        |   18.117|
B<5>           |Y<0>           |   15.771|
B<5>           |Y<1>           |   16.022|
B<5>           |Y<2>           |   15.383|
B<5>           |Y<3>           |   15.917|
B<5>           |Y<4>           |   15.432|
B<5>           |Y<5>           |   15.569|
B<5>           |Y<6>           |   16.143|
B<5>           |Y<7>           |   15.605|
B<5>           |Z              |   18.675|
B<6>           |Cout           |   17.634|
B<6>           |F_active       |   20.397|
B<6>           |N              |   10.173|
B<6>           |V              |    9.910|
B<6>           |X<0>           |   17.641|
B<6>           |X<1>           |   18.534|
B<6>           |X<2>           |   18.855|
B<6>           |X<3>           |   18.472|
B<6>           |X<4>           |   18.035|
B<6>           |X<5>           |   18.216|
B<6>           |X<6>           |   18.710|
B<6>           |X<7>           |   17.909|
B<6>           |X_bin_pal      |   20.587|
B<6>           |X_prime        |   19.509|
B<6>           |Y<0>           |   17.163|
B<6>           |Y<1>           |   17.414|
B<6>           |Y<2>           |   16.775|
B<6>           |Y<3>           |   17.309|
B<6>           |Y<4>           |   16.824|
B<6>           |Y<5>           |   16.961|
B<6>           |Y<6>           |   17.535|
B<6>           |Y<7>           |   16.997|
B<6>           |Z              |   20.067|
B<7>           |Cout           |   17.332|
B<7>           |F_active       |   20.095|
B<7>           |N              |    9.706|
B<7>           |V              |    9.443|
B<7>           |X<0>           |   17.339|
B<7>           |X<1>           |   18.232|
B<7>           |X<2>           |   18.553|
B<7>           |X<3>           |   18.170|
B<7>           |X<4>           |   17.733|
B<7>           |X<5>           |   17.914|
B<7>           |X<6>           |   18.408|
B<7>           |X<7>           |   17.607|
B<7>           |X_bin_pal      |   20.285|
B<7>           |X_prime        |   19.207|
B<7>           |Y<0>           |   16.861|
B<7>           |Y<1>           |   17.112|
B<7>           |Y<2>           |   16.473|
B<7>           |Y<3>           |   17.007|
B<7>           |Y<4>           |   16.522|
B<7>           |Y<5>           |   16.659|
B<7>           |Y<6>           |   17.233|
B<7>           |Y<7>           |   16.695|
B<7>           |Z              |   19.765|
Cin            |Cout           |    8.515|
Cin            |F_active       |   10.403|
Cin            |X<0>           |    8.610|
Cin            |X<1>           |    9.248|
Cin            |X<2>           |    8.311|
Cin            |X<3>           |    9.748|
Cin            |X<4>           |    9.509|
Cin            |X<5>           |    9.136|
Cin            |X<6>           |    9.769|
Cin            |X<7>           |    9.794|
Cin            |X_bin_pal      |   11.484|
Cin            |X_prime        |   10.790|
Cin            |Z              |   11.439|
OPCODE<0>      |Cout           |    7.971|
OPCODE<0>      |F_active       |    8.397|
OPCODE<0>      |N              |    7.614|
OPCODE<0>      |V              |    7.291|
OPCODE<0>      |X<0>           |    8.279|
OPCODE<0>      |X<1>           |    8.935|
OPCODE<0>      |X<2>           |    8.271|
OPCODE<0>      |X<3>           |    8.366|
OPCODE<0>      |X<4>           |    8.257|
OPCODE<0>      |X<5>           |    8.573|
OPCODE<0>      |X<6>           |    8.712|
OPCODE<0>      |X<7>           |    8.085|
OPCODE<0>      |X_bin_pal      |    8.059|
OPCODE<0>      |X_prime        |    7.679|
OPCODE<0>      |Y<0>           |    8.465|
OPCODE<0>      |Y<1>           |    8.607|
OPCODE<0>      |Y<2>           |    8.515|
OPCODE<0>      |Y<3>           |    8.911|
OPCODE<0>      |Y<4>           |    8.520|
OPCODE<0>      |Y<5>           |    8.137|
OPCODE<0>      |Y<6>           |    8.731|
OPCODE<0>      |Y<7>           |    8.057|
OPCODE<0>      |Z              |    7.861|
OPCODE<1>      |Cout           |    7.630|
OPCODE<1>      |F_active       |    8.238|
OPCODE<1>      |N              |    7.558|
OPCODE<1>      |V              |    7.277|
OPCODE<1>      |X<0>           |    7.579|
OPCODE<1>      |X<1>           |    8.981|
OPCODE<1>      |X<2>           |    8.809|
OPCODE<1>      |X<3>           |    8.335|
OPCODE<1>      |X<4>           |    8.985|
OPCODE<1>      |X<5>           |    9.131|
OPCODE<1>      |X<6>           |    8.882|
OPCODE<1>      |X<7>           |    8.776|
OPCODE<1>      |X_bin_pal      |    7.752|
OPCODE<1>      |X_prime        |    7.303|
OPCODE<1>      |Y<0>           |    9.315|
OPCODE<1>      |Y<1>           |    9.457|
OPCODE<1>      |Y<2>           |    9.248|
OPCODE<1>      |Y<3>           |    9.661|
OPCODE<1>      |Y<4>           |    9.409|
OPCODE<1>      |Y<5>           |    8.987|
OPCODE<1>      |Y<6>           |    9.395|
OPCODE<1>      |Y<7>           |    8.907|
OPCODE<1>      |Z              |    7.671|
OPCODE<2>      |Cout           |    8.323|
OPCODE<2>      |F_active       |    8.649|
OPCODE<2>      |N              |    7.599|
OPCODE<2>      |V              |    7.649|
OPCODE<2>      |X<0>           |    7.031|
OPCODE<2>      |X<1>           |    7.567|
OPCODE<2>      |X<2>           |    6.397|
OPCODE<2>      |X<3>           |    7.104|
OPCODE<2>      |X<4>           |    7.243|
OPCODE<2>      |X<5>           |    7.414|
OPCODE<2>      |X<6>           |    7.522|
OPCODE<2>      |X<7>           |    7.330|
OPCODE<2>      |X_bin_pal      |    8.346|
OPCODE<2>      |X_prime        |    6.754|
OPCODE<2>      |Y<0>           |    7.609|
OPCODE<2>      |Y<1>           |    7.388|
OPCODE<2>      |Y<2>           |    7.343|
OPCODE<2>      |Y<3>           |    7.816|
OPCODE<2>      |Y<4>           |    7.674|
OPCODE<2>      |Y<5>           |    7.255|
OPCODE<2>      |Y<6>           |    7.185|
OPCODE<2>      |Y<7>           |    7.253|
OPCODE<2>      |Z              |    8.227|
OPCODE<3>      |Cout           |    7.574|
OPCODE<3>      |F_active       |    7.426|
OPCODE<3>      |N              |    7.351|
OPCODE<3>      |V              |    7.182|
OPCODE<3>      |X<0>           |    6.943|
OPCODE<3>      |X<1>           |    7.991|
OPCODE<3>      |X<2>           |    5.978|
OPCODE<3>      |X<3>           |    7.318|
OPCODE<3>      |X<4>           |    7.348|
OPCODE<3>      |X<5>           |    6.700|
OPCODE<3>      |X<6>           |    7.546|
OPCODE<3>      |X<7>           |    6.958|
OPCODE<3>      |X_bin_pal      |    7.557|
OPCODE<3>      |X_prime        |    6.663|
OPCODE<3>      |Y<0>           |    7.494|
OPCODE<3>      |Y<1>           |    8.289|
OPCODE<3>      |Y<2>           |    8.296|
OPCODE<3>      |Y<3>           |    8.567|
OPCODE<3>      |Y<4>           |    8.402|
OPCODE<3>      |Y<5>           |    7.847|
OPCODE<3>      |Y<6>           |    7.935|
OPCODE<3>      |Y<7>           |    7.581|
OPCODE<3>      |Z              |    7.344|
---------------+---------------+---------+


Analysis completed Fri Jul 16 16:37:49 2021 
--------------------------------------------------------------------------------

Trace Settings:
-------------------------
Trace Settings 

Peak Memory Usage: 4605 MB



