--------------------------------------------------------------------------------
Release 14.7 Trace  (nt64)
Copyright (c) 1995-2013 Xilinx, Inc.  All rights reserved.

C:\Xilinx1\14.7\ISE_DS\ISE\bin\nt64\unwrapped\trce.exe -intstyle ise -v 3 -s 3
-n 3 -fastpaths -xml ALU.twx ALU.ncd -o ALU.twr ALU.pcf

Design file:              ALU.ncd
Physical constraint file: ALU.pcf
Device,package,speed:     xc6slx25t,csg324,C,-3 (PRODUCTION 1.23 2013-10-13)
Report level:             verbose report

Environment Variable      Effect 
--------------------      ------ 
NONE                      No environment variables were set
--------------------------------------------------------------------------------

INFO:Timing:2698 - No timing constraints found, doing default enumeration.
INFO:Timing:3412 - To improve timing, see the Timing Closure User Guide (UG612).
INFO:Timing:2752 - To get complete path coverage, use the unconstrained paths 
   option. All paths that are not constrained will be reported in the 
   unconstrained paths section(s) of the report.
INFO:Timing:3339 - The clock-to-out numbers in this timing report are based on 
   a 50 Ohm transmission line loading model.  For the details of this model, 
   and for more information on accounting for different loading conditions, 
   please see the device datasheet.



Data Sheet report:
-----------------
All values displayed in nanoseconds (ns)

Pad to Pad
---------------+---------------+---------+
Source Pad     |Destination Pad|  Delay  |
---------------+---------------+---------+
A<0>           |Cout           |   20.983|
A<0>           |F_active       |   22.435|
A<0>           |N              |   14.894|
A<0>           |V              |   10.081|
A<0>           |X<0>           |   19.537|
A<0>           |X<1>           |   19.335|
A<0>           |X<2>           |   19.979|
A<0>           |X<3>           |   19.379|
A<0>           |X<4>           |   19.709|
A<0>           |X<5>           |   19.692|
A<0>           |X<6>           |   19.777|
A<0>           |X<7>           |   19.999|
A<0>           |X_bin_pal      |   20.509|
A<0>           |X_prime        |   24.022|
A<0>           |Y<0>           |   19.005|
A<0>           |Y<1>           |   19.602|
A<0>           |Y<2>           |   19.230|
A<0>           |Y<3>           |   19.154|
A<0>           |Y<4>           |   19.593|
A<0>           |Y<5>           |   19.100|
A<0>           |Y<6>           |   18.762|
A<0>           |Y<7>           |   18.743|
A<0>           |Z              |   21.971|
A<1>           |Cout           |   22.433|
A<1>           |F_active       |   23.885|
A<1>           |N              |   15.467|
A<1>           |V              |   10.097|
A<1>           |X<0>           |   20.987|
A<1>           |X<1>           |   20.785|
A<1>           |X<2>           |   21.429|
A<1>           |X<3>           |   20.829|
A<1>           |X<4>           |   21.159|
A<1>           |X<5>           |   21.142|
A<1>           |X<6>           |   21.227|
A<1>           |X<7>           |   21.449|
A<1>           |X_bin_pal      |   21.959|
A<1>           |X_prime        |   24.595|
A<1>           |Y<0>           |   20.455|
A<1>           |Y<1>           |   21.052|
A<1>           |Y<2>           |   20.680|
A<1>           |Y<3>           |   20.604|
A<1>           |Y<4>           |   21.043|
A<1>           |Y<5>           |   20.550|
A<1>           |Y<6>           |   20.212|
A<1>           |Y<7>           |   20.193|
A<1>           |Z              |   23.421|
A<2>           |Cout           |   21.923|
A<2>           |F_active       |   23.375|
A<2>           |N              |   15.663|
A<2>           |V              |   10.255|
A<2>           |X<0>           |   20.477|
A<2>           |X<1>           |   20.275|
A<2>           |X<2>           |   20.919|
A<2>           |X<3>           |   20.319|
A<2>           |X<4>           |   20.649|
A<2>           |X<5>           |   20.632|
A<2>           |X<6>           |   20.717|
A<2>           |X<7>           |   20.939|
A<2>           |X_bin_pal      |   21.449|
A<2>           |X_prime        |   24.791|
A<2>           |Y<0>           |   19.945|
A<2>           |Y<1>           |   20.542|
A<2>           |Y<2>           |   20.170|
A<2>           |Y<3>           |   20.094|
A<2>           |Y<4>           |   20.533|
A<2>           |Y<5>           |   20.040|
A<2>           |Y<6>           |   19.702|
A<2>           |Y<7>           |   19.683|
A<2>           |Z              |   22.911|
A<3>           |Cout           |   21.029|
A<3>           |F_active       |   22.481|
A<3>           |N              |   14.676|
A<3>           |V              |    9.727|
A<3>           |X<0>           |   19.583|
A<3>           |X<1>           |   19.381|
A<3>           |X<2>           |   20.025|
A<3>           |X<3>           |   19.425|
A<3>           |X<4>           |   19.755|
A<3>           |X<5>           |   19.738|
A<3>           |X<6>           |   19.823|
A<3>           |X<7>           |   20.045|
A<3>           |X_bin_pal      |   20.555|
A<3>           |X_prime        |   23.804|
A<3>           |Y<0>           |   19.051|
A<3>           |Y<1>           |   19.648|
A<3>           |Y<2>           |   19.276|
A<3>           |Y<3>           |   19.200|
A<3>           |Y<4>           |   19.639|
A<3>           |Y<5>           |   19.146|
A<3>           |Y<6>           |   18.808|
A<3>           |Y<7>           |   18.789|
A<3>           |Z              |   22.017|
A<4>           |Cout           |   23.325|
A<4>           |F_active       |   24.777|
A<4>           |N              |   15.339|
A<4>           |V              |   10.080|
A<4>           |X<0>           |   21.879|
A<4>           |X<1>           |   21.677|
A<4>           |X<2>           |   22.321|
A<4>           |X<3>           |   21.721|
A<4>           |X<4>           |   22.051|
A<4>           |X<5>           |   22.034|
A<4>           |X<6>           |   22.119|
A<4>           |X<7>           |   22.341|
A<4>           |X_bin_pal      |   22.851|
A<4>           |X_prime        |   24.467|
A<4>           |Y<0>           |   21.347|
A<4>           |Y<1>           |   21.944|
A<4>           |Y<2>           |   21.572|
A<4>           |Y<3>           |   21.496|
A<4>           |Y<4>           |   21.935|
A<4>           |Y<5>           |   21.442|
A<4>           |Y<6>           |   21.104|
A<4>           |Y<7>           |   21.085|
A<4>           |Z              |   24.313|
A<5>           |Cout           |   22.466|
A<5>           |F_active       |   23.918|
A<5>           |N              |   14.478|
A<5>           |V              |    9.489|
A<5>           |X<0>           |   21.020|
A<5>           |X<1>           |   20.818|
A<5>           |X<2>           |   21.462|
A<5>           |X<3>           |   20.862|
A<5>           |X<4>           |   21.192|
A<5>           |X<5>           |   21.175|
A<5>           |X<6>           |   21.260|
A<5>           |X<7>           |   21.482|
A<5>           |X_bin_pal      |   21.992|
A<5>           |X_prime        |   23.606|
A<5>           |Y<0>           |   20.488|
A<5>           |Y<1>           |   21.085|
A<5>           |Y<2>           |   20.713|
A<5>           |Y<3>           |   20.637|
A<5>           |Y<4>           |   21.076|
A<5>           |Y<5>           |   20.583|
A<5>           |Y<6>           |   20.245|
A<5>           |Y<7>           |   20.226|
A<5>           |Z              |   23.454|
A<6>           |Cout           |   23.128|
A<6>           |F_active       |   24.580|
A<6>           |N              |   14.969|
A<6>           |V              |    9.483|
A<6>           |X<0>           |   21.682|
A<6>           |X<1>           |   21.480|
A<6>           |X<2>           |   22.124|
A<6>           |X<3>           |   21.524|
A<6>           |X<4>           |   21.854|
A<6>           |X<5>           |   21.837|
A<6>           |X<6>           |   21.922|
A<6>           |X<7>           |   22.144|
A<6>           |X_bin_pal      |   22.654|
A<6>           |X_prime        |   24.097|
A<6>           |Y<0>           |   21.150|
A<6>           |Y<1>           |   21.747|
A<6>           |Y<2>           |   21.375|
A<6>           |Y<3>           |   21.299|
A<6>           |Y<4>           |   21.738|
A<6>           |Y<5>           |   21.245|
A<6>           |Y<6>           |   20.907|
A<6>           |Y<7>           |   20.888|
A<6>           |Z              |   24.116|
A<7>           |Cout           |   22.801|
A<7>           |F_active       |   24.253|
A<7>           |N              |   14.833|
A<7>           |V              |    9.876|
A<7>           |X<0>           |   21.355|
A<7>           |X<1>           |   21.153|
A<7>           |X<2>           |   21.797|
A<7>           |X<3>           |   21.197|
A<7>           |X<4>           |   21.527|
A<7>           |X<5>           |   21.510|
A<7>           |X<6>           |   21.595|
A<7>           |X<7>           |   21.817|
A<7>           |X_bin_pal      |   22.327|
A<7>           |X_prime        |   23.961|
A<7>           |Y<0>           |   20.823|
A<7>           |Y<1>           |   21.420|
A<7>           |Y<2>           |   21.048|
A<7>           |Y<3>           |   20.972|
A<7>           |Y<4>           |   21.411|
A<7>           |Y<5>           |   20.918|
A<7>           |Y<6>           |   20.580|
A<7>           |Y<7>           |   20.561|
A<7>           |Z              |   23.789|
B<0>           |Cout           |   20.396|
B<0>           |F_active       |   21.848|
B<0>           |N              |   16.411|
B<0>           |V              |    9.188|
B<0>           |X<0>           |   18.950|
B<0>           |X<1>           |   18.748|
B<0>           |X<2>           |   19.392|
B<0>           |X<3>           |   18.792|
B<0>           |X<4>           |   19.122|
B<0>           |X<5>           |   19.105|
B<0>           |X<6>           |   19.190|
B<0>           |X<7>           |   19.412|
B<0>           |X_bin_pal      |   19.922|
B<0>           |X_prime        |   25.539|
B<0>           |Y<0>           |   18.418|
B<0>           |Y<1>           |   19.015|
B<0>           |Y<2>           |   18.643|
B<0>           |Y<3>           |   18.567|
B<0>           |Y<4>           |   19.006|
B<0>           |Y<5>           |   18.513|
B<0>           |Y<6>           |   18.175|
B<0>           |Y<7>           |   18.156|
B<0>           |Z              |   21.384|
B<1>           |Cout           |   21.336|
B<1>           |F_active       |   22.788|
B<1>           |N              |   15.694|
B<1>           |V              |    9.287|
B<1>           |X<0>           |   19.890|
B<1>           |X<1>           |   19.688|
B<1>           |X<2>           |   20.332|
B<1>           |X<3>           |   19.732|
B<1>           |X<4>           |   20.062|
B<1>           |X<5>           |   20.045|
B<1>           |X<6>           |   20.130|
B<1>           |X<7>           |   20.352|
B<1>           |X_bin_pal      |   20.862|
B<1>           |X_prime        |   24.822|
B<1>           |Y<0>           |   19.358|
B<1>           |Y<1>           |   19.955|
B<1>           |Y<2>           |   19.583|
B<1>           |Y<3>           |   19.507|
B<1>           |Y<4>           |   19.946|
B<1>           |Y<5>           |   19.453|
B<1>           |Y<6>           |   19.115|
B<1>           |Y<7>           |   19.096|
B<1>           |Z              |   22.324|
B<2>           |Cout           |   20.030|
B<2>           |F_active       |   21.482|
B<2>           |N              |   15.470|
B<2>           |V              |    9.004|
B<2>           |X<0>           |   18.584|
B<2>           |X<1>           |   18.382|
B<2>           |X<2>           |   19.026|
B<2>           |X<3>           |   18.426|
B<2>           |X<4>           |   18.756|
B<2>           |X<5>           |   18.739|
B<2>           |X<6>           |   18.824|
B<2>           |X<7>           |   19.046|
B<2>           |X_bin_pal      |   19.556|
B<2>           |X_prime        |   24.598|
B<2>           |Y<0>           |   18.052|
B<2>           |Y<1>           |   18.649|
B<2>           |Y<2>           |   18.277|
B<2>           |Y<3>           |   18.201|
B<2>           |Y<4>           |   18.640|
B<2>           |Y<5>           |   18.147|
B<2>           |Y<6>           |   17.809|
B<2>           |Y<7>           |   17.790|
B<2>           |Z              |   21.018|
B<3>           |Cout           |   20.998|
B<3>           |F_active       |   22.450|
B<3>           |N              |   12.985|
B<3>           |V              |    8.810|
B<3>           |X<0>           |   19.552|
B<3>           |X<1>           |   19.350|
B<3>           |X<2>           |   19.994|
B<3>           |X<3>           |   19.394|
B<3>           |X<4>           |   19.724|
B<3>           |X<5>           |   19.707|
B<3>           |X<6>           |   19.792|
B<3>           |X<7>           |   20.014|
B<3>           |X_bin_pal      |   20.524|
B<3>           |X_prime        |   24.926|
B<3>           |Y<0>           |   19.020|
B<3>           |Y<1>           |   19.617|
B<3>           |Y<2>           |   19.245|
B<3>           |Y<3>           |   19.169|
B<3>           |Y<4>           |   19.608|
B<3>           |Y<5>           |   19.115|
B<3>           |Y<6>           |   18.777|
B<3>           |Y<7>           |   18.758|
B<3>           |Z              |   21.986|
B<4>           |Cout           |   18.175|
B<4>           |F_active       |   20.719|
B<4>           |N              |   12.229|
B<4>           |V              |    9.101|
B<4>           |X<0>           |   17.583|
B<4>           |X<1>           |   18.598|
B<4>           |X<2>           |   19.290|
B<4>           |X<3>           |   19.087|
B<4>           |X<4>           |   18.108|
B<4>           |X<5>           |   17.384|
B<4>           |X<6>           |   19.535|
B<4>           |X<7>           |   18.517|
B<4>           |X_bin_pal      |   19.742|
B<4>           |X_prime        |   24.700|
B<4>           |Y<0>           |   16.197|
B<4>           |Y<1>           |   16.794|
B<4>           |Y<2>           |   16.422|
B<4>           |Y<3>           |   16.346|
B<4>           |Y<4>           |   16.785|
B<4>           |Y<5>           |   16.292|
B<4>           |Y<6>           |   15.954|
B<4>           |Y<7>           |   15.935|
B<4>           |Z              |   20.610|
B<5>           |Cout           |   17.862|
B<5>           |F_active       |   20.603|
B<5>           |N              |   11.524|
B<5>           |V              |    8.839|
B<5>           |X<0>           |   17.467|
B<5>           |X<1>           |   18.482|
B<5>           |X<2>           |   19.174|
B<5>           |X<3>           |   18.971|
B<5>           |X<4>           |   17.992|
B<5>           |X<5>           |   17.268|
B<5>           |X<6>           |   19.419|
B<5>           |X<7>           |   18.401|
B<5>           |X_bin_pal      |   19.626|
B<5>           |X_prime        |   24.584|
B<5>           |Y<0>           |   15.884|
B<5>           |Y<1>           |   16.481|
B<5>           |Y<2>           |   16.109|
B<5>           |Y<3>           |   16.033|
B<5>           |Y<4>           |   16.472|
B<5>           |Y<5>           |   15.979|
B<5>           |Y<6>           |   15.641|
B<5>           |Y<7>           |   15.622|
B<5>           |Z              |   20.494|
B<6>           |Cout           |   17.614|
B<6>           |F_active       |   20.904|
B<6>           |N              |   11.855|
B<6>           |V              |    8.569|
B<6>           |X<0>           |   17.768|
B<6>           |X<1>           |   18.783|
B<6>           |X<2>           |   19.475|
B<6>           |X<3>           |   19.272|
B<6>           |X<4>           |   18.293|
B<6>           |X<5>           |   17.569|
B<6>           |X<6>           |   19.720|
B<6>           |X<7>           |   18.702|
B<6>           |X_bin_pal      |   19.927|
B<6>           |X_prime        |   24.885|
B<6>           |Y<0>           |   15.636|
B<6>           |Y<1>           |   16.233|
B<6>           |Y<2>           |   15.861|
B<6>           |Y<3>           |   15.785|
B<6>           |Y<4>           |   16.224|
B<6>           |Y<5>           |   15.731|
B<6>           |Y<6>           |   15.393|
B<6>           |Y<7>           |   15.374|
B<6>           |Z              |   20.795|
B<7>           |Cout           |   17.326|
B<7>           |F_active       |   20.837|
B<7>           |N              |   11.758|
B<7>           |V              |    8.776|
B<7>           |X<0>           |   17.701|
B<7>           |X<1>           |   18.716|
B<7>           |X<2>           |   19.408|
B<7>           |X<3>           |   19.205|
B<7>           |X<4>           |   18.226|
B<7>           |X<5>           |   17.502|
B<7>           |X<6>           |   19.653|
B<7>           |X<7>           |   18.635|
B<7>           |X_bin_pal      |   19.860|
B<7>           |X_prime        |   24.818|
B<7>           |Y<0>           |   15.348|
B<7>           |Y<1>           |   15.945|
B<7>           |Y<2>           |   15.573|
B<7>           |Y<3>           |   15.497|
B<7>           |Y<4>           |   15.936|
B<7>           |Y<5>           |   15.443|
B<7>           |Y<6>           |   15.105|
B<7>           |Y<7>           |   15.086|
B<7>           |Z              |   20.728|
Cin            |Cout           |    9.099|
Cin            |F_active       |   13.416|
Cin            |X<0>           |   10.405|
Cin            |X<1>           |   11.353|
Cin            |X<2>           |   12.495|
Cin            |X<3>           |   12.010|
Cin            |X<4>           |   11.140|
Cin            |X<5>           |   10.406|
Cin            |X<6>           |   12.232|
Cin            |X<7>           |   11.385|
Cin            |X_bin_pal      |   12.651|
Cin            |X_prime        |   17.623|
Cin            |Z              |   13.307|
OPCODE<0>      |Cout           |    8.470|
OPCODE<0>      |F_active       |    9.214|
OPCODE<0>      |N              |    8.546|
OPCODE<0>      |V              |    9.027|
OPCODE<0>      |X<0>           |    7.811|
OPCODE<0>      |X<1>           |    8.381|
OPCODE<0>      |X<2>           |    7.800|
OPCODE<0>      |X<3>           |    8.266|
OPCODE<0>      |X<4>           |    7.474|
OPCODE<0>      |X<5>           |    7.278|
OPCODE<0>      |X<6>           |    8.160|
OPCODE<0>      |X<7>           |    7.822|
OPCODE<0>      |X_bin_pal      |    7.497|
OPCODE<0>      |X_prime        |    8.209|
OPCODE<0>      |Y<0>           |    8.074|
OPCODE<0>      |Y<1>           |    8.553|
OPCODE<0>      |Y<2>           |    7.985|
OPCODE<0>      |Y<3>           |    8.372|
OPCODE<0>      |Y<4>           |    8.452|
OPCODE<0>      |Y<5>           |    8.784|
OPCODE<0>      |Y<6>           |    8.581|
OPCODE<0>      |Y<7>           |    7.693|
OPCODE<0>      |Z              |    9.143|
OPCODE<1>      |Cout           |    9.655|
OPCODE<1>      |F_active       |    9.923|
OPCODE<1>      |N              |    8.610|
OPCODE<1>      |V              |    8.944|
OPCODE<1>      |X<0>           |    7.514|
OPCODE<1>      |X<1>           |    8.363|
OPCODE<1>      |X<2>           |    7.745|
OPCODE<1>      |X<3>           |    8.329|
OPCODE<1>      |X<4>           |    7.504|
OPCODE<1>      |X<5>           |    7.290|
OPCODE<1>      |X<6>           |    8.188|
OPCODE<1>      |X<7>           |    7.750|
OPCODE<1>      |X_bin_pal      |    7.953|
OPCODE<1>      |X_prime        |    8.398|
OPCODE<1>      |Y<0>           |    8.712|
OPCODE<1>      |Y<1>           |    8.623|
OPCODE<1>      |Y<2>           |    8.525|
OPCODE<1>      |Y<3>           |    8.779|
OPCODE<1>      |Y<4>           |    9.284|
OPCODE<1>      |Y<5>           |    9.406|
OPCODE<1>      |Y<6>           |    8.775|
OPCODE<1>      |Y<7>           |    7.628|
OPCODE<1>      |Z              |    9.347|
OPCODE<2>      |Cout           |    9.573|
OPCODE<2>      |F_active       |    9.288|
OPCODE<2>      |N              |    8.385|
OPCODE<2>      |V              |    8.685|
OPCODE<2>      |X<0>           |    7.510|
OPCODE<2>      |X<1>           |    8.107|
OPCODE<2>      |X<2>           |    7.741|
OPCODE<2>      |X<3>           |    8.304|
OPCODE<2>      |X<4>           |    7.442|
OPCODE<2>      |X<5>           |    7.001|
OPCODE<2>      |X<6>           |    7.838|
OPCODE<2>      |X<7>           |    7.945|
OPCODE<2>      |X_bin_pal      |    7.558|
OPCODE<2>      |X_prime        |    8.321|
OPCODE<2>      |Y<0>           |    6.952|
OPCODE<2>      |Y<1>           |    6.989|
OPCODE<2>      |Y<2>           |    6.148|
OPCODE<2>      |Y<3>           |    6.919|
OPCODE<2>      |Y<4>           |    6.954|
OPCODE<2>      |Y<5>           |    7.020|
OPCODE<2>      |Y<6>           |    6.865|
OPCODE<2>      |Y<7>           |    7.016|
OPCODE<2>      |Z              |    9.169|
OPCODE<3>      |Cout           |    8.335|
OPCODE<3>      |F_active       |    8.491|
OPCODE<3>      |N              |    8.364|
OPCODE<3>      |V              |    8.741|
OPCODE<3>      |X<0>           |    7.004|
OPCODE<3>      |X<1>           |    7.615|
OPCODE<3>      |X<2>           |    7.393|
OPCODE<3>      |X<3>           |    7.453|
OPCODE<3>      |X<4>           |    7.177|
OPCODE<3>      |X<5>           |    6.787|
OPCODE<3>      |X<6>           |    7.564|
OPCODE<3>      |X<7>           |    7.075|
OPCODE<3>      |X_bin_pal      |    7.283|
OPCODE<3>      |X_prime        |    7.609|
OPCODE<3>      |Y<0>           |    6.479|
OPCODE<3>      |Y<1>           |    6.737|
OPCODE<3>      |Y<2>           |    6.312|
OPCODE<3>      |Y<3>           |    6.904|
OPCODE<3>      |Y<4>           |    6.666|
OPCODE<3>      |Y<5>           |    6.606|
OPCODE<3>      |Y<6>           |    6.521|
OPCODE<3>      |Y<7>           |    6.811|
OPCODE<3>      |Z              |    8.643|
---------------+---------------+---------+


Analysis completed Sat Jul 17 22:03:18 2021 
--------------------------------------------------------------------------------

Trace Settings:
-------------------------
Trace Settings 

Peak Memory Usage: 4622 MB



